---
source: crates/mesh-typeck/tests/diagnostics.rs
expression: output
---
[E0012] Error: non-exhaustive match on `Option<Int>`
   ╭─[ test.mpl:1:1 ]
   │
 1 │ case x do Some(v) -> v end
   │ ─────────────┬────────────  
   │              ╰────────────── missing: None
   │ 
   │ Help: add the missing patterns or a wildcard `_` arm
───╯
