---
source: crates/mesh-typeck/tests/diagnostics.rs
expression: output
---
[E0013] Error: invalid guard: function calls not allowed in guards
   ╭─[ test.mpl:1:17 ]
   │
 1 │ case x do n when f(n) -> n end
   │                 ──┬─  
   │                   ╰─── only comparisons, boolean ops, literals, and names allowed
   │ 
   │ Help: guards must be simple boolean expressions
───╯
