---
source: crates/mesh-typeck/tests/diagnostics.rs
expression: output
---
[E0006] Error: String does not implement Add
   ╭─[ test.mpl:1:1 ]
   │
 1 │ "hello" + "world"
   │ ───────┬───────  
   │        ╰───────── String does not satisfy Add
   │ 
   │ Help: add `impl Add for String do ... end`
───╯
