---
source: crates/mesh-typeck/tests/diagnostics.rs
expression: output
---
[E0027] Error: ambiguous method `to_string` for type `Int`: candidates from traits [Displayable, Printable]
   ╭─[ test.mpl:1:1 ]
   │
 1 │ x.to_string()
   │ ──────┬──────  
   │       ╰──────── multiple traits provide `to_string`
   │ 
   │ Help: use qualified syntax: Displayable.to_string(value) or Printable.to_string(value)
───╯
