---
source: crates/mesh-typeck/tests/diagnostics.rs
expression: output
---
[E0003] Error: expected 2 argument(s), found 1
   ╭─[ test.mpl:1:20 ]
   │
 1 │ let f = fn (x, y) -> x end
   │                    ──┬─  
   │                      ╰─── expected 2 argument(s)
   │ 
   │ Help: missing 1 argument(s)
───╯
