---
source: crates/mesh-typeck/tests/diagnostics.rs
expression: output
---
[E0001] Error: expected Int, found String
   ╭─[ test.mpl:1:1 ]
   │
 1 │ if true do 1 else "hello" end
   │         ┬───────┬──────  
   │         ╰──────────────── expected Int
   │                 │        
   │                 ╰──────── found String
───╯
