---
source: crates/mesh-parser/tests/parser_tests.rs
expression: "block_and_debug(\"let x = 1\\nlet y = 2\")"
---
SOURCE_FILE@0..13
  BLOCK@0..13
    LET_BINDING@0..6
      LET_KW@0..3 "let"
      NAME@3..4
        IDENT@3..4 "x"
      EQ@4..5 "="
      LITERAL@5..6
        INT_LITERAL@5..6 "1"
    NEWLINE@6..7 "\n"
    LET_BINDING@7..13
      LET_KW@7..10 "let"
      NAME@10..11
        IDENT@10..11 "y"
      EQ@11..12 "="
      LITERAL@12..13
        INT_LITERAL@12..13 "2"
  EOF@13..13 ""
