---
source: crates/mesh-parser/tests/parser_tests.rs
expression: source_and_debug(source)
---
SOURCE_FILE@0..86
  FN_DEF@0..86
    FN_KW@0..2 "fn"
    NAME@2..9
      IDENT@2..9 "process"
    PARAM_LIST@9..15
      L_PAREN@9..10 "("
      PARAM@10..14
        IDENT@10..14 "data"
      R_PAREN@14..15 ")"
    DO_KW@15..17 "do"
    BLOCK@17..83
      NEWLINE@17..18 "\n"
      PIPE_EXPR@18..82
        PIPE_EXPR@18..57
          FIELD_ACCESS@18..28
            NAME_REF@18..22
              IDENT@18..22 "data"
            DOT@22..23 "."
            IDENT@23..28 "items"
          NEWLINE@28..29 "\n"
          PIPE@29..31 "|>"
          CALL_EXPR@31..57
            NAME_REF@31..37
              IDENT@31..37 "filter"
            ARG_LIST@37..57
              L_PAREN@37..38 "("
              CLOSURE_EXPR@38..56
                FN_KW@38..40 "fn"
                PARAM_LIST@40..43
                  L_PAREN@40..41 "("
                  PARAM@41..42
                    IDENT@41..42 "x"
                  R_PAREN@42..43 ")"
                ARROW@43..45 "->"
                BLOCK@45..53
                  FIELD_ACCESS@45..53
                    NAME_REF@45..46
                      IDENT@45..46 "x"
                    DOT@46..47 "."
                    IDENT@47..53 "active"
                END_KW@53..56 "end"
              R_PAREN@56..57 ")"
        NEWLINE@57..58 "\n"
        PIPE@58..60 "|>"
        CALL_EXPR@60..82
          NAME_REF@60..63
            IDENT@60..63 "map"
          ARG_LIST@63..82
            L_PAREN@63..64 "("
            CLOSURE_EXPR@64..81
              FN_KW@64..66 "fn"
              PARAM_LIST@66..69
                L_PAREN@66..67 "("
                PARAM@67..68
                  IDENT@67..68 "x"
                R_PAREN@68..69 ")"
              ARROW@69..71 "->"
              BLOCK@71..78
                FIELD_ACCESS@71..78
                  NAME_REF@71..72
                    IDENT@71..72 "x"
                  DOT@72..73 "."
                  IDENT@73..78 "value"
              END_KW@78..81 "end"
            R_PAREN@81..82 ")"
      NEWLINE@82..83 "\n"
    END_KW@83..86 "end"
  EOF@86..86 ""
