---
source: crates/mesh-parser/tests/parser_tests.rs
expression: "parse_and_debug(\"if a do\\n  1\\nelse if b do\\n  2\\nelse\\n  3\\nend\")"
---
SOURCE_FILE@0..30
  IF_EXPR@0..30
    IF_KW@0..2 "if"
    NAME_REF@2..3
      IDENT@2..3 "a"
    DO_KW@3..5 "do"
    BLOCK@5..8
      NEWLINE@5..6 "\n"
      LITERAL@6..7
        INT_LITERAL@6..7 "1"
      NEWLINE@7..8 "\n"
    ELSE_BRANCH@8..30
      ELSE_KW@8..12 "else"
      IF_EXPR@12..30
        IF_KW@12..14 "if"
        NAME_REF@14..15
          IDENT@14..15 "b"
        DO_KW@15..17 "do"
        BLOCK@17..20
          NEWLINE@17..18 "\n"
          LITERAL@18..19
            INT_LITERAL@18..19 "2"
          NEWLINE@19..20 "\n"
        ELSE_BRANCH@20..30
          ELSE_KW@20..24 "else"
          BLOCK@24..27
            NEWLINE@24..25 "\n"
            LITERAL@25..26
              INT_LITERAL@25..26 "3"
            NEWLINE@26..27 "\n"
          END_KW@27..30 "end"
  EOF@30..30 ""
