---
source: crates/mesh-parser/tests/parser_tests.rs
expression: "source_and_debug(\"let (a, b) = pair\")"
---
SOURCE_FILE@0..13
  LET_BINDING@0..13
    LET_KW@0..3 "let"
    TUPLE_PAT@3..8
      L_PAREN@3..4 "("
      IDENT_PAT@4..5
        IDENT@4..5 "a"
      COMMA@5..6 ","
      IDENT_PAT@6..7
        IDENT@6..7 "b"
      R_PAREN@7..8 ")"
    EQ@8..9 "="
    NAME_REF@9..13
      IDENT@9..13 "pair"
  EOF@13..13 ""
