---
source: crates/mesh-parser/tests/parser_tests.rs
expression: source_and_debug(source)
---
SOURCE_FILE@0..125
  MODULE_DEF@0..125
    MODULE_KW@0..6 "module"
    NAME@6..17
      IDENT@6..17 "StringUtils"
    DO_KW@17..19 "do"
    BLOCK@19..122
      NEWLINE@19..20 "\n"
      FN_DEF@20..58
        VISIBILITY@20..23
          PUB_KW@20..23 "pub"
        FN_KW@23..25 "fn"
        NAME@25..31
          IDENT@25..31 "upcase"
        PARAM_LIST@31..42
          L_PAREN@31..32 "("
          PARAM@32..41
            IDENT@32..33 "s"
            TYPE_ANNOTATION@33..41
              COLON_COLON@33..35 "::"
              IDENT@35..41 "String"
          R_PAREN@41..42 ")"
        TYPE_ANNOTATION@42..50
          ARROW@42..44 "->"
          IDENT@44..50 "String"
        DO_KW@50..52 "do"
        BLOCK@52..55
          NEWLINE@52..53 "\n"
          NAME_REF@53..54
            IDENT@53..54 "s"
          NEWLINE@54..55 "\n"
        END_KW@55..58 "end"
      NEWLINE@58..59 "\n"
      NEWLINE@59..60 "\n"
      FN_DEF@60..100
        VISIBILITY@60..63
          PUB_KW@60..63 "pub"
        FN_KW@63..65 "fn"
        NAME@65..73
          IDENT@65..73 "downcase"
        PARAM_LIST@73..84
          L_PAREN@73..74 "("
          PARAM@74..83
            IDENT@74..75 "s"
            TYPE_ANNOTATION@75..83
              COLON_COLON@75..77 "::"
              IDENT@77..83 "String"
          R_PAREN@83..84 ")"
        TYPE_ANNOTATION@84..92
          ARROW@84..86 "->"
          IDENT@86..92 "String"
        DO_KW@92..94 "do"
        BLOCK@94..97
          NEWLINE@94..95 "\n"
          NAME_REF@95..96
            IDENT@95..96 "s"
          NEWLINE@96..97 "\n"
        END_KW@97..100 "end"
      NEWLINE@100..101 "\n"
      NEWLINE@101..102 "\n"
      FN_DEF@102..121
        FN_KW@102..104 "fn"
        NAME@104..110
          IDENT@104..110 "helper"
        PARAM_LIST@110..113
          L_PAREN@110..111 "("
          PARAM@111..112
            IDENT@111..112 "x"
          R_PAREN@112..113 ")"
        DO_KW@113..115 "do"
        BLOCK@115..118
          NEWLINE@115..116 "\n"
          NAME_REF@116..117
            IDENT@116..117 "x"
          NEWLINE@117..118 "\n"
        END_KW@118..121 "end"
      NEWLINE@121..122 "\n"
    END_KW@122..125 "end"
  EOF@125..125 ""
