---
source: crates/mesh-parser/tests/parser_tests.rs
expression: "parse_and_debug(\"case s do\\n  \\\"hello\\\" -> 1\\n  _ -> 0\\nend\")"
---
SOURCE_FILE@0..27
  CASE_EXPR@0..27
    CASE_KW@0..4 "case"
    NAME_REF@4..5
      IDENT@4..5 "s"
    DO_KW@5..7 "do"
    NEWLINE@7..8 "\n"
    MATCH_ARM@8..18
      LITERAL_PAT@8..15
        STRING_START@8..9 "\""
        STRING_CONTENT@9..14 "hello"
        STRING_END@14..15 "\""
      ARROW@15..17 "->"
      LITERAL@17..18
        INT_LITERAL@17..18 "1"
    NEWLINE@18..19 "\n"
    MATCH_ARM@19..23
      WILDCARD_PAT@19..20
        IDENT@19..20 "_"
      ARROW@20..22 "->"
      LITERAL@22..23
        INT_LITERAL@22..23 "0"
    NEWLINE@23..24 "\n"
    END_KW@24..27 "end"
  EOF@27..27 ""
