---
source: crates/mesh-parser/tests/parser_tests.rs
expression: "block_and_debug(\"let name :: String = \\\"hello\\\"\")"
---
SOURCE_FILE@0..23
  BLOCK@0..23
    LET_BINDING@0..23
      LET_KW@0..3 "let"
      NAME@3..7
        IDENT@3..7 "name"
      TYPE_ANNOTATION@7..15
        COLON_COLON@7..9 "::"
        IDENT@9..15 "String"
      EQ@15..16 "="
      STRING_EXPR@16..23
        STRING_START@16..17 "\""
        STRING_CONTENT@17..22 "hello"
        STRING_END@22..23 "\""
  EOF@23..23 ""
