---
source: crates/mesh-parser/tests/parser_tests.rs
expression: "parse_and_debug(\"fn x -> x + 1 end\")"
---
SOURCE_FILE@0..11
  CLOSURE_EXPR@0..11
    FN_KW@0..2 "fn"
    PARAM_LIST@2..3
      PARAM@2..3
        IDENT@2..3 "x"
    ARROW@3..5 "->"
    BLOCK@5..8
      BINARY_EXPR@5..8
        NAME_REF@5..6
          IDENT@5..6 "x"
        PLUS@6..7 "+"
        LITERAL@7..8
          INT_LITERAL@7..8 "1"
    END_KW@8..11 "end"
  EOF@11..11 ""
