---
source: crates/mesh-parser/tests/parser_tests.rs
expression: "parse_and_debug(\"for x in list when x > 0 do\\n  x\\nend\")"
---
SOURCE_FILE@0..25
  FOR_IN_EXPR@0..25
    FOR_KW@0..3 "for"
    NAME@3..4
      IDENT@3..4 "x"
    IN_KW@4..6 "in"
    NAME_REF@6..10
      IDENT@6..10 "list"
    WHEN_KW@10..14 "when"
    BINARY_EXPR@14..17
      NAME_REF@14..15
        IDENT@14..15 "x"
      GT@15..16 ">"
      LITERAL@16..17
        INT_LITERAL@16..17 "0"
    DO_KW@17..19 "do"
    BLOCK@19..22
      NEWLINE@19..20 "\n"
      NAME_REF@20..21
        IDENT@20..21 "x"
      NEWLINE@21..22 "\n"
    END_KW@22..25 "end"
  EOF@25..25 ""
