---
source: crates/mesh-parser/tests/parser_tests.rs
expression: "source_and_debug(\"impl Printable for Int do\\n  fn to_string(self) -> String do\\n    \\\"int\\\"\\n  end\\nend\")"
---
SOURCE_FILE@0..63
  IMPL_DEF@0..63
    IMPL_KW@0..4 "impl"
    PATH@4..13
      IDENT@4..13 "Printable"
    FOR_KW@13..16 "for"
    PATH@16..19
      IDENT@16..19 "Int"
    DO_KW@19..21 "do"
    BLOCK@21..60
      NEWLINE@21..22 "\n"
      FN_DEF@22..59
        FN_KW@22..24 "fn"
        NAME@24..33
          IDENT@24..33 "to_string"
        PARAM_LIST@33..39
          L_PAREN@33..34 "("
          PARAM@34..38
            SELF_KW@34..38 "self"
          R_PAREN@38..39 ")"
        TYPE_ANNOTATION@39..47
          ARROW@39..41 "->"
          IDENT@41..47 "String"
        DO_KW@47..49 "do"
        BLOCK@49..56
          NEWLINE@49..50 "\n"
          STRING_EXPR@50..55
            STRING_START@50..51 "\""
            STRING_CONTENT@51..54 "int"
            STRING_END@54..55 "\""
          NEWLINE@55..56 "\n"
        END_KW@56..59 "end"
      NEWLINE@59..60 "\n"
    END_KW@60..63 "end"
  EOF@63..63 ""
