---
source: crates/mesh-parser/tests/parser_tests.rs
expression: "parse_and_debug(\"link(other_pid)\")"
---
SOURCE_FILE@0..15
  LINK_EXPR@0..15
    LINK_KW@0..4 "link"
    ARG_LIST@4..15
      L_PAREN@4..5 "("
      NAME_REF@5..14
        IDENT@5..14 "other_pid"
      R_PAREN@14..15 ")"
  EOF@15..15 ""
