---
source: compiler/mesh-parser/tests/parser_tests.rs
assertion_line: 2197
expression: source_and_debug(source)
---
SOURCE_FILE@0..35
  FN_DEF@0..35
    CLUSTER_DECORATOR_DECL@0..8
      AT@0..1 "@"
      IDENT@1..8 "cluster"
    VISIBILITY@8..11
      PUB_KW@8..11 "pub"
    FN_KW@11..13 "fn"
    NAME@13..20
      IDENT@13..20 "enqueue"
    PARAM_LIST@20..25
      L_PAREN@20..21 "("
      PARAM@21..24
        IDENT@21..24 "job"
      R_PAREN@24..25 ")"
    DO_KW@25..27 "do"
    BLOCK@27..32
      NEWLINE@27..28 "\n"
      NAME_REF@28..31
        IDENT@28..31 "job"
      NEWLINE@31..32 "\n"
    END_KW@32..35 "end"
  EOF@35..35 ""
