---
source: crates/mesh-parser/tests/parser_tests.rs
expression: "parse_and_debug(\"if true do 1 end\")"
---
SOURCE_FILE@0..12
  IF_EXPR@0..12
    IF_KW@0..2 "if"
    LITERAL@2..6
      TRUE_KW@2..6 "true"
    DO_KW@6..8 "do"
    BLOCK@8..9
      LITERAL@8..9
        INT_LITERAL@8..9 "1"
    END_KW@9..12 "end"
  EOF@12..12 ""
