---
source: crates/mesh-parser/tests/parser_tests.rs
expression: source_and_debug(source)
---
SOURCE_FILE@0..50
  INTERFACE_DEF@0..50
    INTERFACE_KW@0..9 "interface"
    NAME@9..17
      IDENT@9..17 "Iterator"
    DO_KW@17..19 "do"
    NEWLINE@19..20 "\n"
    ASSOC_TYPE_DEF@20..28
      TYPE_KW@20..24 "type"
      NAME@24..28
        IDENT@24..28 "Item"
    NEWLINE@28..29 "\n"
    INTERFACE_METHOD@29..46
      FN_KW@29..31 "fn"
      NAME@31..35
        IDENT@31..35 "next"
      PARAM_LIST@35..41
        L_PAREN@35..36 "("
        PARAM@36..40
          SELF_KW@36..40 "self"
        R_PAREN@40..41 ")"
      TYPE_ANNOTATION@41..46
        ARROW@41..43 "->"
        IDENT@43..46 "Int"
    NEWLINE@46..47 "\n"
    END_KW@47..50 "end"
  EOF@50..50 ""
