---
source: compiler/mesh-parser/tests/parser_tests.rs
assertion_line: 2209
expression: source_and_debug(source)
---
SOURCE_FILE@0..37
  FN_DEF@0..33
    ERROR_NODE@0..13
      AT@0..1 "@"
      IDENT@1..8 "cluster"
      L_PAREN@8..9 "("
      INT_LITERAL@9..10 "1"
      COMMA@10..11 ","
      INT_LITERAL@11..12 "2"
      R_PAREN@12..13 ")"
    FN_KW@13..15 "fn"
    NAME@15..22
      IDENT@15..22 "enqueue"
    PARAM_LIST@22..27
      L_PAREN@22..23 "("
      PARAM@23..26
        IDENT@23..26 "job"
      R_PAREN@26..27 ")"
    DO_KW@27..29 "do"
    BLOCK@29..33
      NEWLINE@29..30 "\n"
      NAME_REF@30..33
        IDENT@30..33 "job"
  NEWLINE@33..34 "\n"
  END_KW@34..37 "end"
  EOF@37..37 ""

errors:
  - expected exactly one replication count in `@cluster(N)` @10..11
  - expected `end` to close function body @39..40
