---
source: crates/mesh-parser/tests/parser_tests.rs
expression: "source_and_debug(\"from Math import sqrt, pow\")"
---
SOURCE_FILE@0..22
  FROM_IMPORT_DECL@0..22
    IDENT@0..4 "from"
    PATH@4..8
      IDENT@4..8 "Math"
    IMPORT_KW@8..14 "import"
    IMPORT_LIST@14..22
      NAME@14..18
        IDENT@14..18 "sqrt"
      COMMA@18..19 ","
      NAME@19..22
        IDENT@19..22 "pow"
  EOF@22..22 ""
