---
source: crates/mesh-parser/tests/parser_tests.rs
expression: "source_and_debug(\"fn identity<T>(x :: T) -> T do\\n  x\\nend\")"
---
SOURCE_FILE@0..30
  FN_DEF@0..30
    FN_KW@0..2 "fn"
    NAME@2..10
      IDENT@2..10 "identity"
    GENERIC_PARAM_LIST@10..13
      LT@10..11 "<"
      IDENT@11..12 "T"
      GT@12..13 ">"
    PARAM_LIST@13..19
      L_PAREN@13..14 "("
      PARAM@14..18
        IDENT@14..15 "x"
        TYPE_ANNOTATION@15..18
          COLON_COLON@15..17 "::"
          IDENT@17..18 "T"
      R_PAREN@18..19 ")"
    TYPE_ANNOTATION@19..22
      ARROW@19..21 "->"
      IDENT@21..22 "T"
    DO_KW@22..24 "do"
    BLOCK@24..27
      NEWLINE@24..25 "\n"
      NAME_REF@25..26
        IDENT@25..26 "x"
      NEWLINE@26..27 "\n"
    END_KW@27..30 "end"
  EOF@30..30 ""
