---
source: crates/mesh-parser/tests/parser_tests.rs
expression: "source_and_debug(\"interface Container<T> do\\n  fn get(self) -> T\\n  fn set(self, value :: T)\\nend\")"
---
SOURCE_FILE@0..63
  INTERFACE_DEF@0..63
    INTERFACE_KW@0..9 "interface"
    NAME@9..18
      IDENT@9..18 "Container"
    GENERIC_PARAM_LIST@18..21
      LT@18..19 "<"
      IDENT@19..20 "T"
      GT@20..21 ">"
    DO_KW@21..23 "do"
    NEWLINE@23..24 "\n"
    INTERFACE_METHOD@24..38
      FN_KW@24..26 "fn"
      NAME@26..29
        IDENT@26..29 "get"
      PARAM_LIST@29..35
        L_PAREN@29..30 "("
        PARAM@30..34
          SELF_KW@30..34 "self"
        R_PAREN@34..35 ")"
      TYPE_ANNOTATION@35..38
        ARROW@35..37 "->"
        IDENT@37..38 "T"
    NEWLINE@38..39 "\n"
    INTERFACE_METHOD@39..59
      FN_KW@39..41 "fn"
      NAME@41..44
        IDENT@41..44 "set"
      PARAM_LIST@44..59
        L_PAREN@44..45 "("
        PARAM@45..49
          SELF_KW@45..49 "self"
        COMMA@49..50 ","
        PARAM@50..58
          IDENT@50..55 "value"
          TYPE_ANNOTATION@55..58
            COLON_COLON@55..57 "::"
            IDENT@57..58 "T"
        R_PAREN@58..59 ")"
    NEWLINE@59..60 "\n"
    END_KW@60..63 "end"
  EOF@63..63 ""
