---
source: crates/mesh-parser/tests/parser_tests.rs
expression: "source_and_debug(\"interface Printable do\\n  fn to_string(self) -> String\\nend\")"
---
SOURCE_FILE@0..50
  INTERFACE_DEF@0..50
    INTERFACE_KW@0..9 "interface"
    NAME@9..18
      IDENT@9..18 "Printable"
    DO_KW@18..20 "do"
    NEWLINE@20..21 "\n"
    INTERFACE_METHOD@21..46
      FN_KW@21..23 "fn"
      NAME@23..32
        IDENT@23..32 "to_string"
      PARAM_LIST@32..38
        L_PAREN@32..33 "("
        PARAM@33..37
          SELF_KW@33..37 "self"
        R_PAREN@37..38 ")"
      TYPE_ANNOTATION@38..46
        ARROW@38..40 "->"
        IDENT@40..46 "String"
    NEWLINE@46..47 "\n"
    END_KW@47..50 "end"
  EOF@50..50 ""
