---
source: crates/mesh-parser/tests/parser_tests.rs
expression: "parse_and_debug(\"a[i + 1]\")"
---
SOURCE_FILE@0..6
  INDEX_EXPR@0..6
    NAME_REF@0..1
      IDENT@0..1 "a"
    L_BRACKET@1..2 "["
    BINARY_EXPR@2..5
      NAME_REF@2..3
        IDENT@2..3 "i"
      PLUS@3..4 "+"
      LITERAL@4..5
        INT_LITERAL@4..5 "1"
    R_BRACKET@5..6 "]"
  EOF@6..6 ""
