---
source: crates/mesh-parser/tests/parser_tests.rs
expression: source_and_debug(source)
---
SOURCE_FILE@0..168
  IMPORT_DECL@0..8
    IMPORT_KW@0..6 "import"
    PATH@6..8
      IDENT@6..8 "IO"
  NEWLINE@8..9 "\n"
  IMPORT_DECL@9..19
    IMPORT_KW@9..15 "import"
    PATH@15..19
      IDENT@15..19 "Math"
  NEWLINE@19..20 "\n"
  FROM_IMPORT_DECL@20..51
    IDENT@20..24 "from"
    PATH@24..30
      IDENT@24..30 "String"
    IMPORT_KW@30..36 "import"
    IMPORT_LIST@36..51
      NAME@36..41
        IDENT@36..41 "split"
      COMMA@41..42 ","
      NAME@42..46
        IDENT@42..46 "join"
      COMMA@46..47 ","
      NAME@47..51
        IDENT@47..51 "trim"
  NEWLINE@51..52 "\n"
  NEWLINE@52..53 "\n"
  MODULE_DEF@53..168
    MODULE_KW@53..59 "module"
    NAME@59..62
      IDENT@59..62 "App"
    DO_KW@62..64 "do"
    BLOCK@64..165
      NEWLINE@64..65 "\n"
      MODULE_DEF@65..104
        MODULE_KW@65..71 "module"
        NAME@71..77
          IDENT@71..77 "Config"
        DO_KW@77..79 "do"
        BLOCK@79..101
          NEWLINE@79..80 "\n"
          FN_DEF@80..100
            FN_KW@80..82 "fn"
            NAME@82..89
              IDENT@82..89 "default"
            PARAM_LIST@89..91
              L_PAREN@89..90 "("
              R_PAREN@90..91 ")"
            DO_KW@91..93 "do"
            BLOCK@93..97
              NEWLINE@93..94 "\n"
              LITERAL@94..96
                INT_LITERAL@94..96 "42"
              NEWLINE@96..97 "\n"
            END_KW@97..100 "end"
          NEWLINE@100..101 "\n"
        END_KW@101..104 "end"
      NEWLINE@104..105 "\n"
      NEWLINE@105..106 "\n"
      FN_DEF@106..164
        VISIBILITY@106..109
          PUB_KW@106..109 "pub"
        FN_KW@109..111 "fn"
        NAME@111..114
          IDENT@111..114 "run"
        PARAM_LIST@114..116
          L_PAREN@114..115 "("
          R_PAREN@115..116 ")"
        DO_KW@116..118 "do"
        BLOCK@118..161
          NEWLINE@118..119 "\n"
          LET_BINDING@119..142
            LET_KW@119..122 "let"
            NAME@122..125
              IDENT@122..125 "cfg"
            EQ@125..126 "="
            CALL_EXPR@126..142
              FIELD_ACCESS@126..140
                NAME_REF@126..132
                  IDENT@126..132 "Config"
                DOT@132..133 "."
                IDENT@133..140 "default"
              ARG_LIST@140..142
                L_PAREN@140..141 "("
                R_PAREN@141..142 ")"
          NEWLINE@142..143 "\n"
          PIPE_EXPR@143..160
            NAME_REF@143..146
              IDENT@143..146 "cfg"
            PIPE@146..148 "|>"
            CALL_EXPR@148..160
              FIELD_ACCESS@148..158
                NAME_REF@148..150
                  IDENT@148..150 "IO"
                DOT@150..151 "."
                IDENT@151..158 "inspect"
              ARG_LIST@158..160
                L_PAREN@158..159 "("
                R_PAREN@159..160 ")"
          NEWLINE@160..161 "\n"
        END_KW@161..164 "end"
      NEWLINE@164..165 "\n"
    END_KW@165..168 "end"
  EOF@168..168 ""
