---
source: crates/mesh-parser/tests/parser_tests.rs
expression: source_and_debug(source)
---
SOURCE_FILE@0..18
  FN_DEF@0..18
    FN_KW@0..2 "fn"
    NAME@2..5
      IDENT@2..5 "abs"
    PARAM_LIST@5..8
      L_PAREN@5..6 "("
      PARAM@6..7
        IDENT@6..7 "n"
      R_PAREN@7..8 ")"
    GUARD_CLAUSE@8..15
      WHEN_KW@8..12 "when"
      BINARY_EXPR@12..15
        NAME_REF@12..13
          IDENT@12..13 "n"
        LT@13..14 "<"
        LITERAL@14..15
          INT_LITERAL@14..15 "0"
    EQ@15..16 "="
    FN_EXPR_BODY@16..18
      UNARY_EXPR@16..18
        MINUS@16..17 "-"
        NAME_REF@17..18
          IDENT@17..18 "n"
  EOF@18..18 ""
