---
source: crates/mesh-parser/tests/parser_tests.rs
expression: source_and_debug(source)
---
SOURCE_FILE@0..117
  IMPORT_DECL@0..8
    IMPORT_KW@0..6 "import"
    PATH@6..8
      IDENT@6..8 "IO"
  NEWLINE@8..9 "\n"
  FROM_IMPORT_DECL@9..33
    IDENT@9..13 "from"
    PATH@13..17
      IDENT@13..17 "List"
    IMPORT_KW@17..23 "import"
    IMPORT_LIST@23..33
      NAME@23..26
        IDENT@23..26 "map"
      COMMA@26..27 ","
      NAME@27..33
        IDENT@27..33 "filter"
  NEWLINE@33..34 "\n"
  NEWLINE@34..35 "\n"
  FN_DEF@35..117
    FN_KW@35..37 "fn"
    NAME@37..41
      IDENT@37..41 "main"
    PARAM_LIST@41..43
      L_PAREN@41..42 "("
      R_PAREN@42..43 ")"
    DO_KW@43..45 "do"
    BLOCK@45..114
      NEWLINE@45..46 "\n"
      LET_BINDING@46..65
        LET_KW@46..49 "let"
        NAME@49..53
          IDENT@49..53 "nums"
        EQ@53..54 "="
        TUPLE_EXPR@54..65
          L_PAREN@54..55 "("
          LITERAL@55..56
            INT_LITERAL@55..56 "1"
          COMMA@56..57 ","
          LITERAL@57..58
            INT_LITERAL@57..58 "2"
          COMMA@58..59 ","
          LITERAL@59..60
            INT_LITERAL@59..60 "3"
          COMMA@60..61 ","
          LITERAL@61..62
            INT_LITERAL@61..62 "4"
          COMMA@62..63 ","
          LITERAL@63..64
            INT_LITERAL@63..64 "5"
          R_PAREN@64..65 ")"
      NEWLINE@65..66 "\n"
      PIPE_EXPR@66..113
        PIPE_EXPR@66..93
          NAME_REF@66..70
            IDENT@66..70 "nums"
          PIPE@70..72 "|>"
          CALL_EXPR@72..93
            NAME_REF@72..78
              IDENT@72..78 "filter"
            ARG_LIST@78..93
              L_PAREN@78..79 "("
              CLOSURE_EXPR@79..92
                FN_KW@79..81 "fn"
                PARAM_LIST@81..84
                  L_PAREN@81..82 "("
                  PARAM@82..83
                    IDENT@82..83 "x"
                  R_PAREN@83..84 ")"
                ARROW@84..86 "->"
                BLOCK@86..89
                  BINARY_EXPR@86..89
                    NAME_REF@86..87
                      IDENT@86..87 "x"
                    GT@87..88 ">"
                    LITERAL@88..89
                      INT_LITERAL@88..89 "2"
                END_KW@89..92 "end"
              R_PAREN@92..93 ")"
        PIPE@93..95 "|>"
        CALL_EXPR@95..113
          NAME_REF@95..98
            IDENT@95..98 "map"
          ARG_LIST@98..113
            L_PAREN@98..99 "("
            CLOSURE_EXPR@99..112
              FN_KW@99..101 "fn"
              PARAM_LIST@101..104
                L_PAREN@101..102 "("
                PARAM@102..103
                  IDENT@102..103 "x"
                R_PAREN@103..104 ")"
              ARROW@104..106 "->"
              BLOCK@106..109
                BINARY_EXPR@106..109
                  NAME_REF@106..107
                    IDENT@106..107 "x"
                  STAR@107..108 "*"
                  LITERAL@108..109
                    INT_LITERAL@108..109 "2"
              END_KW@109..112 "end"
            R_PAREN@112..113 ")"
      NEWLINE@113..114 "\n"
    END_KW@114..117 "end"
  EOF@117..117 ""
