---
source: crates/mesh-parser/tests/parser_tests.rs
expression: "parse_and_debug(\"(a + b) * c\")"
---
SOURCE_FILE@0..7
  BINARY_EXPR@0..7
    TUPLE_EXPR@0..5
      L_PAREN@0..1 "("
      BINARY_EXPR@1..4
        NAME_REF@1..2
          IDENT@1..2 "a"
        PLUS@2..3 "+"
        NAME_REF@3..4
          IDENT@3..4 "b"
      R_PAREN@4..5 ")"
    STAR@5..6 "*"
    NAME_REF@6..7
      IDENT@6..7 "c"
  EOF@7..7 ""
