---
source: crates/mesh-parser/tests/parser_tests.rs
expression: source_and_debug(source)
---
SOURCE_FILE@0..184
  FN_DEF@0..75
    FN_KW@0..2 "fn"
    NAME@2..11
      IDENT@2..11 "fibonacci"
    PARAM_LIST@11..14
      L_PAREN@11..12 "("
      PARAM@12..13
        IDENT@12..13 "n"
      R_PAREN@13..14 ")"
    DO_KW@14..16 "do"
    BLOCK@16..72
      NEWLINE@16..17 "\n"
      CASE_EXPR@17..71
        CASE_KW@17..21 "case"
        NAME_REF@21..22
          IDENT@21..22 "n"
        DO_KW@22..24 "do"
        NEWLINE@24..25 "\n"
        MATCH_ARM@25..29
          LITERAL_PAT@25..26
            INT_LITERAL@25..26 "0"
          ARROW@26..28 "->"
          LITERAL@28..29
            INT_LITERAL@28..29 "0"
        NEWLINE@29..30 "\n"
        MATCH_ARM@30..34
          LITERAL_PAT@30..31
            INT_LITERAL@30..31 "1"
          ARROW@31..33 "->"
          LITERAL@33..34
            INT_LITERAL@33..34 "1"
        NEWLINE@34..35 "\n"
        MATCH_ARM@35..67
          WILDCARD_PAT@35..36
            IDENT@35..36 "_"
          ARROW@36..38 "->"
          BINARY_EXPR@38..67
            CALL_EXPR@38..52
              NAME_REF@38..47
                IDENT@38..47 "fibonacci"
              ARG_LIST@47..52
                L_PAREN@47..48 "("
                BINARY_EXPR@48..51
                  NAME_REF@48..49
                    IDENT@48..49 "n"
                  MINUS@49..50 "-"
                  LITERAL@50..51
                    INT_LITERAL@50..51 "1"
                R_PAREN@51..52 ")"
            PLUS@52..53 "+"
            CALL_EXPR@53..67
              NAME_REF@53..62
                IDENT@53..62 "fibonacci"
              ARG_LIST@62..67
                L_PAREN@62..63 "("
                BINARY_EXPR@63..66
                  NAME_REF@63..64
                    IDENT@63..64 "n"
                  MINUS@64..65 "-"
                  LITERAL@65..66
                    INT_LITERAL@65..66 "2"
                R_PAREN@66..67 ")"
        NEWLINE@67..68 "\n"
        END_KW@68..71 "end"
      NEWLINE@71..72 "\n"
    END_KW@72..75 "end"
  NEWLINE@75..76 "\n"
  NEWLINE@76..77 "\n"
  FN_DEF@77..184
    FN_KW@77..79 "fn"
    NAME@79..92
      IDENT@79..92 "classify_pair"
    PARAM_LIST@92..98
      L_PAREN@92..93 "("
      PARAM@93..97
        IDENT@93..97 "pair"
      R_PAREN@97..98 ")"
    DO_KW@98..100 "do"
    BLOCK@100..181
      NEWLINE@100..101 "\n"
      CASE_EXPR@101..180
        CASE_KW@101..105 "case"
        NAME_REF@105..109
          IDENT@105..109 "pair"
        DO_KW@109..111 "do"
        NEWLINE@111..112 "\n"
        MATCH_ARM@112..127
          TUPLE_PAT@112..117
            L_PAREN@112..113 "("
            LITERAL_PAT@113..114
              INT_LITERAL@113..114 "0"
            COMMA@114..115 ","
            LITERAL_PAT@115..116
              INT_LITERAL@115..116 "0"
            R_PAREN@116..117 ")"
          ARROW@117..119 "->"
          STRING_EXPR@119..127
            STRING_START@119..120 "\""
            STRING_CONTENT@120..126 "origin"
            STRING_END@126..127 "\""
        NEWLINE@127..128 "\n"
        MATCH_ARM@128..143
          TUPLE_PAT@128..133
            L_PAREN@128..129 "("
            IDENT_PAT@129..130
              IDENT@129..130 "x"
            COMMA@130..131 ","
            LITERAL_PAT@131..132
              INT_LITERAL@131..132 "0"
            R_PAREN@132..133 ")"
          ARROW@133..135 "->"
          STRING_EXPR@135..143
            STRING_START@135..136 "\""
            STRING_CONTENT@136..142 "x-axis"
            STRING_END@142..143 "\""
        NEWLINE@143..144 "\n"
        MATCH_ARM@144..159
          TUPLE_PAT@144..149
            L_PAREN@144..145 "("
            LITERAL_PAT@145..146
              INT_LITERAL@145..146 "0"
            COMMA@146..147 ","
            IDENT_PAT@147..148
              IDENT@147..148 "y"
            R_PAREN@148..149 ")"
          ARROW@149..151 "->"
          STRING_EXPR@151..159
            STRING_START@151..152 "\""
            STRING_CONTENT@152..158 "y-axis"
            STRING_END@158..159 "\""
        NEWLINE@159..160 "\n"
        MATCH_ARM@160..176
          TUPLE_PAT@160..165
            L_PAREN@160..161 "("
            IDENT_PAT@161..162
              IDENT@161..162 "x"
            COMMA@162..163 ","
            IDENT_PAT@163..164
              IDENT@163..164 "y"
            R_PAREN@164..165 ")"
          ARROW@165..167 "->"
          STRING_EXPR@167..176
            STRING_START@167..168 "\""
            STRING_CONTENT@168..175 "general"
            STRING_END@175..176 "\""
        NEWLINE@176..177 "\n"
        END_KW@177..180 "end"
      NEWLINE@180..181 "\n"
    END_KW@181..184 "end"
  EOF@184..184 ""
