---
source: crates/mesh-parser/tests/parser_tests.rs
expression: source_and_debug(source)
---
SOURCE_FILE@0..67
  IMPL_DEF@0..67
    IMPL_KW@0..4 "impl"
    PATH@4..12
      IDENT@4..12 "Iterator"
    FOR_KW@12..15 "for"
    PATH@15..21
      IDENT@15..21 "MyList"
    DO_KW@21..23 "do"
    BLOCK@23..64
      NEWLINE@23..24 "\n"
      ASSOC_TYPE_BINDING@24..36
        TYPE_KW@24..28 "type"
        NAME@28..32
          IDENT@28..32 "Item"
        EQ@32..33 "="
        IDENT@33..36 "Int"
      NEWLINE@36..37 "\n"
      FN_DEF@37..63
        FN_KW@37..39 "fn"
        NAME@39..43
          IDENT@39..43 "next"
        PARAM_LIST@43..49
          L_PAREN@43..44 "("
          PARAM@44..48
            SELF_KW@44..48 "self"
          R_PAREN@48..49 ")"
        TYPE_ANNOTATION@49..54
          ARROW@49..51 "->"
          IDENT@51..54 "Int"
        DO_KW@54..56 "do"
        BLOCK@56..60
          NEWLINE@56..57 "\n"
          LITERAL@57..59
            INT_LITERAL@57..59 "42"
          NEWLINE@59..60 "\n"
        END_KW@60..63 "end"
      NEWLINE@63..64 "\n"
    END_KW@64..67 "end"
  EOF@67..67 ""
