---
source: crates/mesh-parser/tests/parser_tests.rs
expression: "parse_and_debug(\"fn Some(x) -> x | None -> 0 end\")"
---
SOURCE_FILE@0..23
  CLOSURE_EXPR@0..23
    FN_KW@0..2 "fn"
    PARAM_LIST@2..9
      PARAM@2..9
        CONSTRUCTOR_PAT@2..9
          IDENT@2..6 "Some"
          L_PAREN@6..7 "("
          IDENT_PAT@7..8
            IDENT@7..8 "x"
          R_PAREN@8..9 ")"
    ARROW@9..11 "->"
    BLOCK@11..12
      NAME_REF@11..12
        IDENT@11..12 "x"
    CLOSURE_CLAUSE@12..20
      BAR@12..13 "|"
      PARAM_LIST@13..17
        PARAM@13..17
          IDENT@13..17 "None"
      ARROW@17..19 "->"
      BLOCK@19..20
        LITERAL@19..20
          INT_LITERAL@19..20 "0"
    END_KW@20..23 "end"
  EOF@23..23 ""
