---
source: crates/mesh-parser/tests/parser_tests.rs
expression: "source_and_debug(\"fn print<T>(x :: T) where T: Printable do\\n  x\\nend\")"
---
SOURCE_FILE@0..40
  FN_DEF@0..40
    FN_KW@0..2 "fn"
    NAME@2..7
      IDENT@2..7 "print"
    GENERIC_PARAM_LIST@7..10
      LT@7..8 "<"
      IDENT@8..9 "T"
      GT@9..10 ">"
    PARAM_LIST@10..16
      L_PAREN@10..11 "("
      PARAM@11..15
        IDENT@11..12 "x"
        TYPE_ANNOTATION@12..15
          COLON_COLON@12..14 "::"
          IDENT@14..15 "T"
      R_PAREN@15..16 ")"
    WHERE_CLAUSE@16..32
      WHERE_KW@16..21 "where"
      TRAIT_BOUND@21..32
        IDENT@21..22 "T"
        COLON@22..23 ":"
        IDENT@23..32 "Printable"
    DO_KW@32..34 "do"
    BLOCK@34..37
      NEWLINE@34..35 "\n"
      NAME_REF@35..36
        IDENT@35..36 "x"
      NEWLINE@36..37 "\n"
    END_KW@37..40 "end"
  EOF@40..40 ""
