---
source: crates/mesh-parser/tests/parser_tests.rs
expression: source_and_debug(source)
---
SOURCE_FILE@0..107
  FN_DEF@0..107
    FN_KW@0..2 "fn"
    NAME@2..10
      IDENT@2..10 "classify"
    PARAM_LIST@10..13
      L_PAREN@10..11 "("
      PARAM@11..12
        IDENT@11..12 "x"
      R_PAREN@12..13 ")"
    DO_KW@13..15 "do"
    BLOCK@15..104
      NEWLINE@15..16 "\n"
      IF_EXPR@16..103
        IF_KW@16..18 "if"
        BINARY_EXPR@18..21
          NAME_REF@18..19
            IDENT@18..19 "x"
          GT@19..20 ">"
          LITERAL@20..21
            INT_LITERAL@20..21 "0"
        DO_KW@21..23 "do"
        BLOCK@23..64
          NEWLINE@23..24 "\n"
          CASE_EXPR@24..63
            CASE_KW@24..28 "case"
            NAME_REF@28..29
              IDENT@28..29 "x"
            DO_KW@29..31 "do"
            NEWLINE@31..32 "\n"
            MATCH_ARM@32..40
              LITERAL_PAT@32..33
                INT_LITERAL@32..33 "1"
              ARROW@33..35 "->"
              STRING_EXPR@35..40
                STRING_START@35..36 "\""
                STRING_CONTENT@36..39 "one"
                STRING_END@39..40 "\""
            NEWLINE@40..41 "\n"
            MATCH_ARM@41..49
              LITERAL_PAT@41..42
                INT_LITERAL@41..42 "2"
              ARROW@42..44 "->"
              STRING_EXPR@44..49
                STRING_START@44..45 "\""
                STRING_CONTENT@45..48 "two"
                STRING_END@48..49 "\""
            NEWLINE@49..50 "\n"
            MATCH_ARM@50..59
              WILDCARD_PAT@50..51
                IDENT@50..51 "_"
              ARROW@51..53 "->"
              STRING_EXPR@53..59
                STRING_START@53..54 "\""
                STRING_CONTENT@54..58 "many"
                STRING_END@58..59 "\""
            NEWLINE@59..60 "\n"
            END_KW@60..63 "end"
          NEWLINE@63..64 "\n"
        ELSE_BRANCH@64..103
          ELSE_KW@64..68 "else"
          IF_EXPR@68..103
            IF_KW@68..70 "if"
            BINARY_EXPR@70..74
              NAME_REF@70..71
                IDENT@70..71 "x"
              EQ_EQ@71..73 "=="
              LITERAL@73..74
                INT_LITERAL@73..74 "0"
            DO_KW@74..76 "do"
            BLOCK@76..84
              NEWLINE@76..77 "\n"
              STRING_EXPR@77..83
                STRING_START@77..78 "\""
                STRING_CONTENT@78..82 "zero"
                STRING_END@82..83 "\""
              NEWLINE@83..84 "\n"
            ELSE_BRANCH@84..103
              ELSE_KW@84..88 "else"
              BLOCK@88..100
                NEWLINE@88..89 "\n"
                STRING_EXPR@89..99
                  STRING_START@89..90 "\""
                  STRING_CONTENT@90..98 "negative"
                  STRING_END@98..99 "\""
                NEWLINE@99..100 "\n"
              END_KW@100..103 "end"
      NEWLINE@103..104 "\n"
    END_KW@104..107 "end"
  EOF@107..107 ""
