---
source: crates/mesh-parser/tests/parser_tests.rs
expression: source_and_debug(source)
---
SOURCE_FILE@0..65
  IMPORT_DECL@0..8
    IMPORT_KW@0..6 "import"
    PATH@6..8
      IDENT@6..8 "IO"
  NEWLINE@8..9 "\n"
  FROM_IMPORT_DECL@9..27
    IDENT@9..13 "from"
    PATH@13..17
      IDENT@13..17 "Math"
    IMPORT_KW@17..23 "import"
    IMPORT_LIST@23..27
      NAME@23..27
        IDENT@23..27 "sqrt"
  NEWLINE@27..28 "\n"
  NEWLINE@28..29 "\n"
  FN_DEF@29..65
    FN_KW@29..31 "fn"
    NAME@31..35
      IDENT@31..35 "main"
    PARAM_LIST@35..37
      L_PAREN@35..36 "("
      R_PAREN@36..37 ")"
    DO_KW@37..39 "do"
    BLOCK@39..62
      NEWLINE@39..40 "\n"
      PIPE_EXPR@40..61
        PIPE_EXPR@40..50
          LITERAL@40..42
            INT_LITERAL@40..42 "42"
          PIPE@42..44 "|>"
          CALL_EXPR@44..50
            NAME_REF@44..48
              IDENT@44..48 "sqrt"
            ARG_LIST@48..50
              L_PAREN@48..49 "("
              R_PAREN@49..50 ")"
        PIPE@50..52 "|>"
        CALL_EXPR@52..61
          FIELD_ACCESS@52..59
            NAME_REF@52..54
              IDENT@52..54 "IO"
            DOT@54..55 "."
            IDENT@55..59 "puts"
          ARG_LIST@59..61
            L_PAREN@59..60 "("
            R_PAREN@60..61 ")"
      NEWLINE@61..62 "\n"
    END_KW@62..65 "end"
  EOF@65..65 ""
