---
source: crates/mesh-parser/tests/parser_tests.rs
expression: "source_and_debug(\"import Foo.Bar.Baz\")"
---
SOURCE_FILE@0..17
  IMPORT_DECL@0..17
    IMPORT_KW@0..6 "import"
    PATH@6..17
      IDENT@6..9 "Foo"
      DOT@9..10 "."
      IDENT@10..13 "Bar"
      DOT@13..14 "."
      IDENT@14..17 "Baz"
  EOF@17..17 ""
