---
source: crates/mesh-parser/tests/parser_tests.rs
expression: "parse_and_debug(\"case x do\\n  -1 -> \\\"neg\\\"\\n  0 -> \\\"zero\\\"\\n  1 -> \\\"pos\\\"\\nend\")"
---
SOURCE_FILE@0..40
  CASE_EXPR@0..40
    CASE_KW@0..4 "case"
    NAME_REF@4..5
      IDENT@4..5 "x"
    DO_KW@5..7 "do"
    NEWLINE@7..8 "\n"
    MATCH_ARM@8..17
      LITERAL_PAT@8..10
        MINUS@8..9 "-"
        INT_LITERAL@9..10 "1"
      ARROW@10..12 "->"
      STRING_EXPR@12..17
        STRING_START@12..13 "\""
        STRING_CONTENT@13..16 "neg"
        STRING_END@16..17 "\""
    NEWLINE@17..18 "\n"
    MATCH_ARM@18..27
      LITERAL_PAT@18..19
        INT_LITERAL@18..19 "0"
      ARROW@19..21 "->"
      STRING_EXPR@21..27
        STRING_START@21..22 "\""
        STRING_CONTENT@22..26 "zero"
        STRING_END@26..27 "\""
    NEWLINE@27..28 "\n"
    MATCH_ARM@28..36
      LITERAL_PAT@28..29
        INT_LITERAL@28..29 "1"
      ARROW@29..31 "->"
      STRING_EXPR@31..36
        STRING_START@31..32 "\""
        STRING_CONTENT@32..35 "pos"
        STRING_END@35..36 "\""
    NEWLINE@36..37 "\n"
    END_KW@37..40 "end"
  EOF@40..40 ""
