---
source: compiler/mesh-parser/tests/parser_tests.rs
expression: "parse_and_debug(\"x\\n  |> foo()\")"
---
SOURCE_FILE@0..9
  PIPE_EXPR@0..9
    NAME_REF@0..1
      IDENT@0..1 "x"
    NEWLINE@1..2 "\n"
    PIPE@2..4 "|>"
    CALL_EXPR@4..9
      NAME_REF@4..7
        IDENT@4..7 "foo"
      ARG_LIST@7..9
        L_PAREN@7..8 "("
        R_PAREN@8..9 ")"
  EOF@9..9 ""
