---
source: crates/mesh-parser/tests/parser_tests.rs
expression: "parse_and_debug(\"list |> map(fn x -> x + 1 end) |> filter(fn x -> x > 3 end)\")"
---
SOURCE_FILE@0..43
  PIPE_EXPR@0..43
    PIPE_EXPR@0..22
      NAME_REF@0..4
        IDENT@0..4 "list"
      PIPE@4..6 "|>"
      CALL_EXPR@6..22
        NAME_REF@6..9
          IDENT@6..9 "map"
        ARG_LIST@9..22
          L_PAREN@9..10 "("
          CLOSURE_EXPR@10..21
            FN_KW@10..12 "fn"
            PARAM_LIST@12..13
              PARAM@12..13
                IDENT@12..13 "x"
            ARROW@13..15 "->"
            BLOCK@15..18
              BINARY_EXPR@15..18
                NAME_REF@15..16
                  IDENT@15..16 "x"
                PLUS@16..17 "+"
                LITERAL@17..18
                  INT_LITERAL@17..18 "1"
            END_KW@18..21 "end"
          R_PAREN@21..22 ")"
    PIPE@22..24 "|>"
    CALL_EXPR@24..43
      NAME_REF@24..30
        IDENT@24..30 "filter"
      ARG_LIST@30..43
        L_PAREN@30..31 "("
        CLOSURE_EXPR@31..42
          FN_KW@31..33 "fn"
          PARAM_LIST@33..34
            PARAM@33..34
              IDENT@33..34 "x"
          ARROW@34..36 "->"
          BLOCK@36..39
            BINARY_EXPR@36..39
              NAME_REF@36..37
                IDENT@36..37 "x"
              GT@37..38 ">"
              LITERAL@38..39
                INT_LITERAL@38..39 "3"
          END_KW@39..42 "end"
        R_PAREN@42..43 ")"
  EOF@43..43 ""
