---
source: crates/mesh-parser/tests/parser_tests.rs
expression: "parse_and_debug(\"if true do\\n  1\\nend\")"
---
SOURCE_FILE@0..14
  IF_EXPR@0..14
    IF_KW@0..2 "if"
    LITERAL@2..6
      TRUE_KW@2..6 "true"
    DO_KW@6..8 "do"
    BLOCK@8..11
      NEWLINE@8..9 "\n"
      LITERAL@9..10
        INT_LITERAL@9..10 "1"
      NEWLINE@10..11 "\n"
    END_KW@11..14 "end"
  EOF@14..14 ""
