---
source: crates/mesh-parser/tests/parser_tests.rs
expression: source_and_debug(source)
---
SOURCE_FILE@0..129
  STRUCT_DEF@0..33
    VISIBILITY@0..3
      PUB_KW@0..3 "pub"
    STRUCT_KW@3..9 "struct"
    NAME@9..14
      IDENT@9..14 "Point"
    GENERIC_PARAM_LIST@14..17
      LT@14..15 "<"
      IDENT@15..16 "T"
      GT@16..17 ">"
    DO_KW@17..19 "do"
    NEWLINE@19..20 "\n"
    STRUCT_FIELD@20..24
      NAME@20..21
        IDENT@20..21 "x"
      TYPE_ANNOTATION@21..24
        COLON_COLON@21..23 "::"
        IDENT@23..24 "T"
    NEWLINE@24..25 "\n"
    STRUCT_FIELD@25..29
      NAME@25..26
        IDENT@25..26 "y"
      TYPE_ANNOTATION@26..29
        COLON_COLON@26..28 "::"
        IDENT@28..29 "T"
    NEWLINE@29..30 "\n"
    END_KW@30..33 "end"
  NEWLINE@33..34 "\n"
  NEWLINE@34..35 "\n"
  FN_DEF@35..71
    FN_KW@35..37 "fn"
    NAME@37..43
      IDENT@37..43 "origin"
    PARAM_LIST@43..45
      L_PAREN@43..44 "("
      R_PAREN@44..45 ")"
    TYPE_ANNOTATION@45..52
      ARROW@45..47 "->"
      IDENT@47..52 "Point"
    DO_KW@52..54 "do"
    BLOCK@54..68
      NEWLINE@54..55 "\n"
      LET_BINDING@55..65
        LET_KW@55..58 "let"
        NAME@58..59
          IDENT@58..59 "p"
        EQ@59..60 "="
        NAME_REF@60..65
          IDENT@60..65 "Point"
      NEWLINE@65..66 "\n"
      NAME_REF@66..67
        IDENT@66..67 "p"
      NEWLINE@67..68 "\n"
    END_KW@68..71 "end"
  NEWLINE@71..72 "\n"
  NEWLINE@72..73 "\n"
  FN_DEF@73..129
    FN_KW@73..75 "fn"
    NAME@75..84
      IDENT@75..84 "translate"
    PARAM_LIST@84..114
      L_PAREN@84..85 "("
      PARAM@85..93
        IDENT@85..86 "p"
        TYPE_ANNOTATION@86..93
          COLON_COLON@86..88 "::"
          IDENT@88..93 "Point"
      COMMA@93..94 ","
      PARAM@94..103
        IDENT@94..96 "dx"
        TYPE_ANNOTATION@96..103
          COLON_COLON@96..98 "::"
          IDENT@98..103 "Float"
      COMMA@103..104 ","
      PARAM@104..113
        IDENT@104..106 "dy"
        TYPE_ANNOTATION@106..113
          COLON_COLON@106..108 "::"
          IDENT@108..113 "Float"
      R_PAREN@113..114 ")"
    TYPE_ANNOTATION@114..121
      ARROW@114..116 "->"
      IDENT@116..121 "Point"
    DO_KW@121..123 "do"
    BLOCK@123..126
      NEWLINE@123..124 "\n"
      NAME_REF@124..125
        IDENT@124..125 "p"
      NEWLINE@125..126 "\n"
    END_KW@126..129 "end"
  EOF@129..129 ""
