---
source: crates/mesh-parser/tests/parser_tests.rs
expression: "parse_and_debug(\"if x > 0 do\\n  x\\nelse\\n  -x\\nend\")"
---
SOURCE_FILE@0..21
  IF_EXPR@0..21
    IF_KW@0..2 "if"
    BINARY_EXPR@2..5
      NAME_REF@2..3
        IDENT@2..3 "x"
      GT@3..4 ">"
      LITERAL@4..5
        INT_LITERAL@4..5 "0"
    DO_KW@5..7 "do"
    BLOCK@7..10
      NEWLINE@7..8 "\n"
      NAME_REF@8..9
        IDENT@8..9 "x"
      NEWLINE@9..10 "\n"
    ELSE_BRANCH@10..21
      ELSE_KW@10..14 "else"
      BLOCK@14..18
        NEWLINE@14..15 "\n"
        UNARY_EXPR@15..17
          MINUS@15..16 "-"
          NAME_REF@16..17
            IDENT@16..17 "x"
        NEWLINE@17..18 "\n"
      END_KW@18..21 "end"
  EOF@21..21 ""
