---
source: compiler/mesh-parser/tests/parser_tests.rs
expression: "parse_and_debug(\"x\\n  |> foo()\\n  |> bar()\")"
---
SOURCE_FILE@0..17
  PIPE_EXPR@0..17
    PIPE_EXPR@0..9
      NAME_REF@0..1
        IDENT@0..1 "x"
      NEWLINE@1..2 "\n"
      PIPE@2..4 "|>"
      CALL_EXPR@4..9
        NAME_REF@4..7
          IDENT@4..7 "foo"
        ARG_LIST@7..9
          L_PAREN@7..8 "("
          R_PAREN@8..9 ")"
    NEWLINE@9..10 "\n"
    PIPE@10..12 "|>"
    CALL_EXPR@12..17
      NAME_REF@12..15
        IDENT@12..15 "bar"
      ARG_LIST@15..17
        L_PAREN@15..16 "("
        R_PAREN@16..17 ")"
  EOF@17..17 ""
