---
source: crates/mesh-lexer/tests/lexer_tests.rs
expression: tokens
---
- kind: Actor
  text: actor
  span:
    - 0
    - 5
- kind: Fn
  text: fn
  span:
    - 6
    - 8
- kind: Let
  text: let
  span:
    - 9
    - 12
- kind: Struct
  text: struct
  span:
    - 13
    - 19
- kind: Trait
  text: trait
  span:
    - 20
    - 25
- kind: Module
  text: module
  span:
    - 26
    - 32
- kind: Import
  text: import
  span:
    - 33
    - 39
- kind: If
  text: if
  span:
    - 40
    - 42
- kind: Else
  text: else
  span:
    - 43
    - 47
- kind: Case
  text: case
  span:
    - 48
    - 52
- kind: Match
  text: match
  span:
    - 53
    - 58
- kind: Do
  text: do
  span:
    - 59
    - 61
- kind: End
  text: end
  span:
    - 62
    - 65
- kind: Newline
  text: "\n"
  span:
    - 65
    - 66
- kind: Receive
  text: receive
  span:
    - 66
    - 73
- kind: Spawn
  text: spawn
  span:
    - 74
    - 79
- kind: Supervisor
  text: supervisor
  span:
    - 80
    - 90
- kind: Send
  text: send
  span:
    - 91
    - 95
- kind: Link
  text: link
  span:
    - 96
    - 100
- kind: Monitor
  text: monitor
  span:
    - 101
    - 108
- kind: Trap
  text: trap
  span:
    - 109
    - 113
- kind: Terminate
  text: terminate
  span:
    - 114
    - 123
- kind: Newline
  text: "\n"
  span:
    - 123
    - 124
- kind: Cond
  text: cond
  span:
    - 124
    - 128
- kind: With
  text: with
  span:
    - 129
    - 133
- kind: After
  text: after
  span:
    - 134
    - 139
- kind: Alias
  text: alias
  span:
    - 140
    - 145
- kind: And
  text: and
  span:
    - 146
    - 149
- kind: Or
  text: or
  span:
    - 150
    - 152
- kind: Not
  text: not
  span:
    - 153
    - 156
- kind: In
  text: in
  span:
    - 157
    - 159
- kind: For
  text: for
  span:
    - 160
    - 163
- kind: Newline
  text: "\n"
  span:
    - 163
    - 164
- kind: Pub
  text: pub
  span:
    - 164
    - 167
- kind: Impl
  text: impl
  span:
    - 168
    - 172
- kind: Type
  text: type
  span:
    - 173
    - 177
- kind: Def
  text: def
  span:
    - 178
    - 181
- kind: Return
  text: return
  span:
    - 182
    - 188
- kind: SelfKw
  text: self
  span:
    - 189
    - 193
- kind: When
  text: when
  span:
    - 194
    - 198
- kind: Where
  text: where
  span:
    - 199
    - 204
- kind: Newline
  text: "\n"
  span:
    - 204
    - 205
- kind: "True"
  text: "true"
  span:
    - 205
    - 209
- kind: "False"
  text: "false"
  span:
    - 210
    - 215
- kind: Nil
  text: nil
  span:
    - 216
    - 219
- kind: Newline
  text: "\n"
  span:
    - 219
    - 220
- kind: Eof
  text: ""
  span:
    - 220
    - 220
